srinivas@KPI-SrinuPerlaTrainee:~$ ls
add1     dir1                expr.sh     laptopcompany  practice   sample1.sh   token.sh
arre.sh  directory_srinivas  kpiteam.sh  perla          sample.sh  srinu_perla
srinivas@KPI-SrinuPerlaTrainee:~$ ls -l
total 0
-rw-r--r-- 1 srinivas srinivas  99 Nov 19 11:02 add1
-rw-r--r-- 1 srinivas srinivas 130 Nov 19 15:01 arre.sh
drwxr-xr-x 1 srinivas srinivas 512 Nov 17 15:03 dir1
drwxr-xr-x 1 srinivas srinivas 512 Nov 18 10:33 directory_srinivas
-rw-r--r-- 1 root     root     130 Nov 20 15:26 expr.sh
-rw-r--r-- 1 root     root      52 Nov 20 10:45 kpiteam.sh
drwxr-xr-x 1 srinivas srinivas 512 Nov 18 23:23 laptopcompany
drwxrwxr-x 1 srinivas srinivas 512 Nov 18 14:41 perla
-rw-r--r-- 1 srinivas srinivas  43 Nov 18 22:16 practice
-rw-r--r-- 1 root     root      76 Nov 18 15:51 sample.sh
-rw-r--r-- 1 root     root     114 Nov 18 16:17 sample1.sh
-rw-rw-r-- 1 srinivas srinivas   0 Nov 18 12:32 srinu_perla
-rw-r--r-- 1 root     root     173 Nov 20 11:18 token.sh
srinivas@KPI-SrinuPerlaTrainee:~$ ls -a
.              .bashrc    .profile                   add1                expr.sh        practice     token.sh
..             .cache     .sample.swn                arre.sh             kpiteam.sh     sample.sh
.bash_history  .config    .sudo_as_admin_successful  dir1                laptopcompany  sample1.sh
.bash_logout   .loop.swp  .viminfo                   directory_srinivas  perla          srinu_perla
srinivas@KPI-SrinuPerlaTrainee:~$ vi basic .txt
2 files to edit
srinivas@KPI-SrinuPerlaTrainee:~$ sh basic .txt
basic: 1: basic: Basic: not found
basic: 2: basic: Syntax error: word unexpected (expecting ")")
srinivas@KPI-SrinuPerlaTrainee:~$ cat basic .txt
Basic commands
ls(listing of files)
ls -l(all files)
ls -a(Hidden files)
Vi (create file)
cat file name (Display contant)
wc file name (counts the words in the file)
cp file1 file2(copies the contant)
mv oldfile newfile(rename the file)
rm filename(delete the file)
pwd(displays the current folder structure)
mkdir dirname(create a directory)
rmdir dirname(removes/deletes the directory)
cd dir(changes the directory)
mv dirold dirnew(renames the directory)
cat: .txt: No such file or directory
srinivas@KPI-SrinuPerlaTrainee:~$ rm laptopcompany sample1.sh
rm: cannot remove 'laptopcompany': Is a directory
rm: remove write-protected regular file 'sample1.sh'? yes
srinivas@KPI-SrinuPerlaTrainee:~$ rmdir laptopcompany sample1.sh
rmdir: failed to remove 'laptopcompany': Directory not empty
rmdir: failed to remove 'sample1.sh': No such file or directory
srinivas@KPI-SrinuPerlaTrainee:~$ pwd
/home/srinivas
srinivas@KPI-SrinuPerlaTrainee:~$
